C:\Users\24153890\Documents\Tarde>git clone https://github.com/andreds00/Versionamento
Cloning into 'Versionamento'...
remote: Enumerating objects: 3, done.
remote: Counting objects: 100% (3/3), done.
remote: Compressing objects: 100% (3/3), done.
remote: Total 3 (delta 0), reused 3 (delta 0), pack-reused 0
Receiving objects: 100% (3/3), 89.39 KiB | 22.35 MiB/s, done. 


Novo:
Untracked files:
  (use "git add <file>..." to include in what will be committed)
        Comando da Tarde.txt

nothing added to commit but untracked files present (use "git add" to track)

C:\Users\24153890\Documents\Tarde\Versionamento>dir
 O volume na unidade C é Windows
 O Número de Série do Volume é FC74-733F

 Pasta de C:\Users\24153890\Documents\Tarde\Versionamento

07/05/2024  13:37    <DIR>          .
07/05/2024  13:37    <DIR>          ..
07/05/2024  13:30           115.820 andreds00_Versionamento.pdf
07/05/2024  13:40               381 Comando da Tarde.txt
               2 arquivo(s)        116.201 bytes
               2 pasta(s)   10.705.899.520 bytes disponíveis

C:\Users\24153890\Documents\Tarde\Versionamento>git add .

C:\Users\24153890\Documents\Tarde\Versionamento>git status
On branch main
Your branch is up to date with 'origin/main'.

Changes to be committed:
  (use "git restore --staged <file>..." to unstage)
        new file:   Comando da Tarde.txt

Novo 2:
C:\Users\24153890\Documents\Tarde\Versionamento>git commit -m "Arquivo de comando da tarde TXT"
[main e0e9819] Arquivo de comando da tarde TXT
 Committer: ANDRÉ DORIA SANTOS <24153890@edu119.local>
Your name and email address were configured automatically based
on your username and hostname. Please check that they are accurate.
You can suppress this message by setting them explicitly. Run the
following command and follow the instructions in your editor to edit
your configuration file:

    git config --global --edit

After doing this, you may fix the identity used for this commit with:

    git commit --amend --reset-author

 1 file changed, 8 insertions(+)
 create mode 100644 Comando da Tarde.txt
